src/ChiruOS.tsx(8,25): error TS2307: Cannot find module './screensaver/Screensaver' or its corresponding type declarations.
src/components/games/Invaders.tsx(219,35): error TS7006: Parameter 'timestamp' implicitly has an 'any' type.
src/components/games/Invaders.tsx(516,20): error TS2367: This comparison appears to be unintentional because the types '"PLAYING" | "GAMEOVER" | "PLAYER_HIT"' and '"PAUSED"' have no overlap.
src/components/games/Pong.tsx(58,30): error TS2554: Expected 1 arguments, but got 0.
src/components/games/Sudoku.tsx(55,13): error TS2345: Argument of type '{ value: number | null; isGiven: boolean; isError: boolean; notes: Set<unknown>; }[][]' is not assignable to parameter of type 'SetStateAction<Grid>'.
  Type '{ value: number | null; isGiven: boolean; isError: boolean; notes: Set<unknown>; }[][]' is not assignable to type 'Grid'.
    Type '{ value: number | null; isGiven: boolean; isError: boolean; notes: Set<unknown>; }[]' is not assignable to type 'CellData[]'.
      Type '{ value: number | null; isGiven: boolean; isError: boolean; notes: Set<unknown>; }' is not assignable to type 'CellData'.
        Types of property 'notes' are incompatible.
          Type 'Set<unknown>' is not assignable to type 'Set<number>'.
            Type 'unknown' is not assignable to type 'number'.
src/components/games/Tetris.tsx(74,31): error TS2554: Expected 1 arguments, but got 0.
src/components/games/Tetris.tsx(98,20): error TS7053: Element implicitly has an 'any' type because expression of type 'string | number' can't be used to index type '{ I: string; O: string; T: string; S: string; Z: string; J: string; L: string; }'.
  No index signature with a parameter of type 'string' was found on type '{ I: string; O: string; T: string; S: string; Z: string; J: string; L: string; }'.
src/components/pages/CaseStudies.tsx(174,46): error TS2322: Type '(el: HTMLDivElement | null) => HTMLDivElement | null' is not assignable to type 'Ref<HTMLDivElement> | undefined'.
  Type '(el: HTMLDivElement | null) => HTMLDivElement | null' is not assignable to type '(instance: HTMLDivElement | null) => void | (() => VoidOrUndefinedOnly)'.
    Type 'HTMLDivElement | null' is not assignable to type 'void | (() => VoidOrUndefinedOnly)'.
      Type 'null' is not assignable to type 'void | (() => VoidOrUndefinedOnly)'.
src/components/taskbar/StartMenu.tsx(17,32): error TS2345: Argument of type 'string | undefined' is not assignable to parameter of type 'string'.
  Type 'undefined' is not assignable to type 'string'.
src/components/ui/calendar.tsx(57,9): error TS2353: Object literal may only specify known properties, and 'IconLeft' does not exist in type 'Partial<CustomComponents>'.
src/components/ui/calendar.tsx(57,22): error TS7031: Binding element 'className' implicitly has an 'any' type.
src/components/ui/calendar.tsx(60,23): error TS7031: Binding element 'className' implicitly has an 'any' type.
src/components/window/Window.tsx(77,7): error TS2769: No overload matches this call.
  Overload 1 of 2, '(props: Partial<DraggableProps>): Draggable', gave the following error.
    Type '(e: React.MouseEvent) => void' is not assignable to type '(e: MouseEvent) => void'.
      Types of parameters 'e' and 'e' are incompatible.
        Type 'MouseEvent' is missing the following properties from type 'MouseEvent<Element, MouseEvent>': nativeEvent, isDefaultPrevented, isPropagationStopped, persist
  Overload 2 of 2, '(props: Partial<DraggableProps>, context: any): Draggable', gave the following error.
    Type '(e: React.MouseEvent) => void' is not assignable to type '(e: MouseEvent) => void'.
      Types of parameters 'e' and 'e' are incompatible.
        Type 'MouseEvent' is missing the following properties from type 'MouseEvent<Element, MouseEvent>': nativeEvent, isDefaultPrevented, isPropagationStopped, persist
src/context/WindowManagerContext.tsx(32,13): error TS2739: Type '{ id: string; title: string; content: ReactNode; zIndex: number; position: { x: number; y: number; }; size: { width: number; height: number; }; }' is missing the following properties from type 'WindowState': isMinimized, isMaximized
src/hooks/useIdle.ts(12,24): error TS2554: Expected 1 arguments, but got 0.
